C:\projects\SuperTrak_Demo\SW_ori\Temp\Includes\AS_TempDecl\MpComponents.var
C:\projects\SuperTrak_Demo\SW_ori\Logical\Global.typ
C:\projects\SuperTrak_Demo\SW_ori\Logical\Global.var
C:\projects\SuperTrak_Demo\SW_ori\Logical\Libraries\operator\operator.fun
C:\projects\SuperTrak_Demo\SW_ori\Logical\Libraries\operator\operator.typ
C:\projects\SuperTrak_Demo\SW_ori\Logical\Libraries\operator\operator.var
C:\projects\SuperTrak_Demo\SW_ori\Logical\Libraries\runtime\runtime.fun
C:\projects\SuperTrak_Demo\SW_ori\Logical\Libraries\runtime\runtime.typ
C:\projects\SuperTrak_Demo\SW_ori\Logical\Libraries\runtime\runtime.var
C:\projects\SuperTrak_Demo\SW_ori\Logical\Libraries\astime\astime.fun
C:\projects\SuperTrak_Demo\SW_ori\Logical\Libraries\astime\astime.typ
C:\projects\SuperTrak_Demo\SW_ori\Logical\Libraries\astime\astime.var
C:\projects\SuperTrak_Demo\SW_ori\Logical\Libraries\AsIecCon\AsIecCon.fun
C:\projects\SuperTrak_Demo\SW_ori\Logical\Libraries\AsIecCon\AsIecCon.typ
C:\projects\SuperTrak_Demo\SW_ori\Logical\Libraries\AsIecCon\AsIecCon.var
C:\projects\SuperTrak_Demo\SW_ori\Logical\Libraries\AsBrStr\AsBrStr.fun
C:\projects\SuperTrak_Demo\SW_ori\Logical\Libraries\AsBrStr\AsBrStr.typ
C:\projects\SuperTrak_Demo\SW_ori\Logical\Libraries\AsBrStr\AsBrStr.var
C:\projects\SuperTrak_Demo\SW_ori\Logical\Libraries\standard\standard.fun
C:\projects\SuperTrak_Demo\SW_ori\Logical\Libraries\standard\standard.typ
C:\projects\SuperTrak_Demo\SW_ori\Logical\Libraries\standard\standard.var
C:\projects\SuperTrak_Demo\SW_ori\Logical\Libraries\ArEventLog\ArEventLog.fun
C:\projects\SuperTrak_Demo\SW_ori\Logical\Libraries\ArEventLog\ArEventLog.typ
C:\projects\SuperTrak_Demo\SW_ori\Logical\Libraries\ArEventLog\ArEventLog.var
C:\projects\SuperTrak_Demo\SW_ori\Logical\Libraries\AsArLog\AsArLog.fun
C:\projects\SuperTrak_Demo\SW_ori\Logical\Libraries\AsArLog\AsArLog.typ
C:\projects\SuperTrak_Demo\SW_ori\Logical\Libraries\AsArLog\AsArLog.var
C:\projects\SuperTrak_Demo\SW_ori\Logical\Libraries\sys_lib\sys_lib.fun
C:\projects\SuperTrak_Demo\SW_ori\Logical\Libraries\sys_lib\sys_lib.typ
C:\projects\SuperTrak_Demo\SW_ori\Logical\Libraries\sys_lib\sys_lib.var
C:\projects\SuperTrak_Demo\SW_ori\Logical\Libraries\AsTCP\AsTCP.fun
C:\projects\SuperTrak_Demo\SW_ori\Logical\Libraries\AsTCP\AsTCP.typ
C:\projects\SuperTrak_Demo\SW_ori\Logical\Libraries\AsTCP\AsTCP.var
C:\projects\SuperTrak_Demo\SW_ori\Logical\Libraries\FileIO\FileIO.fun
C:\projects\SuperTrak_Demo\SW_ori\Logical\Libraries\FileIO\FileIO.typ
C:\projects\SuperTrak_Demo\SW_ori\Logical\Libraries\FileIO\FileIO.var
C:\projects\SuperTrak_Demo\SW_ori\Logical\Libraries\AsIOTime\AsIOTime.fun
C:\projects\SuperTrak_Demo\SW_ori\Logical\Libraries\AsIOTime\AsIOTime.typ
C:\projects\SuperTrak_Demo\SW_ori\Logical\Libraries\AsIOTime\AsIOTime.var
C:\projects\SuperTrak_Demo\SW_ori\Logical\Libraries\AsUDP\AsUDP.fun
C:\projects\SuperTrak_Demo\SW_ori\Logical\Libraries\AsUDP\AsUDP.typ
C:\projects\SuperTrak_Demo\SW_ori\Logical\Libraries\AsUDP\AsUDP.var
C:\projects\SuperTrak_Demo\SW_ori\Logical\Libraries\AsETH\AsETH.fun
C:\projects\SuperTrak_Demo\SW_ori\Logical\Libraries\AsETH\AsETH.typ
C:\projects\SuperTrak_Demo\SW_ori\Logical\Libraries\AsETH\AsETH.var
C:\projects\SuperTrak_Demo\SW_ori\Logical\Libraries\AsARCfg\AsARCfg.fun
C:\projects\SuperTrak_Demo\SW_ori\Logical\Libraries\AsARCfg\AsARCfg.typ
C:\projects\SuperTrak_Demo\SW_ori\Logical\Libraries\AsARCfg\AsARCfg.var
C:\projects\SuperTrak_Demo\SW_ori\Logical\Libraries\brsystem\brsystem.fun
C:\projects\SuperTrak_Demo\SW_ori\Logical\Libraries\brsystem\brsystem.typ
C:\projects\SuperTrak_Demo\SW_ori\Logical\Libraries\brsystem\brsystem.var
C:\projects\SuperTrak_Demo\SW_ori\Logical\Libraries\AsIODiag\AsIODiag.fun
C:\projects\SuperTrak_Demo\SW_ori\Logical\Libraries\AsIODiag\AsIODiag.typ
C:\projects\SuperTrak_Demo\SW_ori\Logical\Libraries\AsIODiag\AsIODiag.var
C:\projects\SuperTrak_Demo\SW_ori\Logical\Libraries\AsGuard\AsGuard.fun
C:\projects\SuperTrak_Demo\SW_ori\Logical\Libraries\AsGuard\AsGuard.typ
C:\projects\SuperTrak_Demo\SW_ori\Logical\Libraries\AsGuard\AsGuard.var
C:\projects\SuperTrak_Demo\SW_ori\Logical\Libraries\AsBrMath\AsBrMath.fun
C:\projects\SuperTrak_Demo\SW_ori\Logical\Libraries\AsBrMath\AsBrMath.typ
C:\projects\SuperTrak_Demo\SW_ori\Logical\Libraries\AsBrMath\AsBrMath.var
C:\projects\SuperTrak_Demo\SW_ori\Logical\Libraries\asstring\asstring.fun
C:\projects\SuperTrak_Demo\SW_ori\Logical\Libraries\asstring\asstring.typ
C:\projects\SuperTrak_Demo\SW_ori\Logical\Libraries\asstring\asstring.var
C:\projects\SuperTrak_Demo\SW_ori\Logical\Libraries\StCom\StCom.typ
C:\projects\SuperTrak_Demo\SW_ori\Logical\Libraries\StCom\StCom.var
C:\projects\SuperTrak_Demo\SW_ori\Logical\Libraries\StCom\StCom.fun
C:\projects\SuperTrak_Demo\SW_ori\Logical\Libraries\AsSafety\AsSafety.fun
C:\projects\SuperTrak_Demo\SW_ori\Logical\Libraries\AsSafety\AsSafety.typ
C:\projects\SuperTrak_Demo\SW_ori\Logical\Libraries\AsSafety\AsSafety.var
C:\projects\SuperTrak_Demo\SW_ori\Logical\Libraries\DataObj\DataObj.fun
C:\projects\SuperTrak_Demo\SW_ori\Logical\Libraries\DataObj\DataObj.typ
C:\projects\SuperTrak_Demo\SW_ori\Logical\Libraries\DataObj\DataObj.var
C:\projects\SuperTrak_Demo\SW_ori\Logical\Libraries\AsXml\AsXml.fun
C:\projects\SuperTrak_Demo\SW_ori\Logical\Libraries\AsXml\AsXml.typ
C:\projects\SuperTrak_Demo\SW_ori\Logical\Libraries\AsXml\AsXml.var
C:\projects\SuperTrak_Demo\SW_ori\Logical\Libraries\SuperTrak\SuperTrak.typ
C:\projects\SuperTrak_Demo\SW_ori\Logical\Libraries\SuperTrak\SuperTrak.var
C:\projects\SuperTrak_Demo\SW_ori\Logical\Libraries\SuperTrak\SuperTrak.fun
C:\projects\SuperTrak_Demo\SW_ori\Logical\Libraries\Acp10man\Acp10man.typ
C:\projects\SuperTrak_Demo\SW_ori\Logical\Libraries\Acp10par\Acp10par.var
C:\projects\SuperTrak_Demo\SW_ori\Logical\Libraries\NcGlobal\NcGlobal.fun
C:\projects\SuperTrak_Demo\SW_ori\Logical\Libraries\NcGlobal\NcGlobal.typ
C:\projects\SuperTrak_Demo\SW_ori\Logical\Libraries\NcGlobal\NcGlobal.var
C:\projects\SuperTrak_Demo\SW_ori\Logical\Libraries\Acp10_MC\acp10_mc.fun
C:\projects\SuperTrak_Demo\SW_ori\Logical\Libraries\Acp10_MC\acp10_mc.typ
C:\projects\SuperTrak_Demo\SW_ori\Logical\Libraries\Acp10_MC\acp10_mc.var
C:\projects\SuperTrak_Demo\SW_ori\Logical\Libraries\Acp10sdc\acp10sdc.var
C:\projects\SuperTrak_Demo\SW_ori\Logical\Libraries\Acp10sdc\acp10sdc.typ
C:\projects\SuperTrak_Demo\SW_ori\Logical\Libraries\MpAxis\MpAxis.typ
C:\projects\SuperTrak_Demo\SW_ori\Logical\Libraries\MpAxis\MpAxisError.typ
C:\projects\SuperTrak_Demo\SW_ori\Logical\Libraries\MpAxis\MpAxisAlarm.typ
C:\projects\SuperTrak_Demo\SW_ori\Logical\Libraries\MpAxis\MpAxis.fun
C:\projects\SuperTrak_Demo\SW_ori\Logical\Libraries\MpBase\MpBase.var
C:\projects\SuperTrak_Demo\SW_ori\Logical\Libraries\MpBase\MpBase.typ
C:\projects\SuperTrak_Demo\SW_ori\Logical\Libraries\MpBase\MpBase.fun
C:\projects\SuperTrak_Demo\SW_ori\Logical\Libraries\MpCom\MpCom.var
C:\projects\SuperTrak_Demo\SW_ori\Logical\Libraries\MpCom\MpCom.typ
C:\projects\SuperTrak_Demo\SW_ori\Logical\Libraries\MpCom\MpComError.typ
C:\projects\SuperTrak_Demo\SW_ori\Logical\Libraries\MpCom\MpCom.fun
C:\projects\SuperTrak_Demo\SW_ori\Logical\Libraries\MpAlarmX\MpAlarmX.typ
C:\projects\SuperTrak_Demo\SW_ori\Logical\Libraries\MpAlarmX\MpAlarmXError.typ
C:\projects\SuperTrak_Demo\SW_ori\Logical\Libraries\MpAlarmX\MpAlarmX.fun
C:\projects\SuperTrak_Demo\SW_ori\Logical\Libraries\MpServer\Constants.var
C:\projects\SuperTrak_Demo\SW_ori\Logical\Libraries\MpServer\Types.typ
C:\projects\SuperTrak_Demo\SW_ori\Logical\Libraries\MpServer\MpServer.fun
C:\projects\SuperTrak_Demo\SW_ori\Logical\Source\SOURCE.var
